[agrimo-demo.pbminfotech.com/html-demo/index.html]
[backblue.gif]
[fade.gif]
[index.html]
[agrimo-demo.pbminfotech.com/html-demo/images/fevicon.png]
[agrimo-demo.pbminfotech.com/html-demo/index-2.html]
[agrimo-demo.pbminfotech.com/html-demo/homepage-2.html]
[agrimo-demo.pbminfotech.com/html-demo/homepage-3.html]
[agrimo-demo.pbminfotech.com/html-demo/about-us.html]
[agrimo-demo.pbminfotech.com/html-demo/our-history.html]
[agrimo-demo.pbminfotech.com/html-demo/our-team-member.html]
[agrimo-demo.pbminfotech.com/html-demo/team-member-detail.html]
[agrimo-demo.pbminfotech.com/html-demo/faq.html]
[agrimo-demo.pbminfotech.com/html-demo/services.html]
[agrimo-demo.pbminfotech.com/html-demo/service-details.html]
[agrimo-demo.pbminfotech.com/html-demo/portfolio-masonry-col-2.html]
[agrimo-demo.pbminfotech.com/html-demo/portfolio-masonry-col-3.html]
[agrimo-demo.pbminfotech.com/html-demo/portfolio-masonry-col-4.html]
[agrimo-demo.pbminfotech.com/html-demo/portfolio-grid-col-2.html]
[agrimo-demo.pbminfotech.com/html-demo/portfolio-grid-col-3.html]
[agrimo-demo.pbminfotech.com/html-demo/portfolio-grid-col-4.html]
[agrimo-demo.pbminfotech.com/html-demo/portfolio-sortable-grid-col-2.html]
[agrimo-demo.pbminfotech.com/html-demo/portfolio-sortable-grid-col-3.html]
[agrimo-demo.pbminfotech.com/html-demo/portfolio-sortable-grid-col-4.html]
[agrimo-demo.pbminfotech.com/html-demo/portfolio-detail.html]
[agrimo-demo.pbminfotech.com/html-demo/blog-grid-col-3.html]
[agrimo-demo.pbminfotech.com/html-demo/blog-grid-col-4.html]
[agrimo-demo.pbminfotech.com/html-demo/blog-grid-wide.html]
[agrimo-demo.pbminfotech.com/html-demo/blog-sortable-col-3.html]
[agrimo-demo.pbminfotech.com/html-demo/blog-sortable-col-4.html]
[agrimo-demo.pbminfotech.com/html-demo/blog-sortable-wide.html]
[agrimo-demo.pbminfotech.com/html-demo/blog-classic.html]
[agrimo-demo.pbminfotech.com/html-demo/blog-details.html]
[agrimo-demo.pbminfotech.com/html-demo/contact-us.html]
[agrimo-demo.pbminfotech.com/html-demo/images/banner-slider-img/demo01-slide-01.jpg]
[agrimo-demo.pbminfotech.com/html-demo/images/banner-slider-img/demo01-slide-02.jpg]
[agrimo-demo.pbminfotech.com/html-demo/images/banner-slider-img/demo01-slide-03.jpg]
[agrimo-demo.pbminfotech.com/html-demo/images/homepage-1/service/service-img-01.jpg]
[agrimo-demo.pbminfotech.com/html-demo/images/homepage-1/service/service-img-02.jpg]
[agrimo-demo.pbminfotech.com/html-demo/images/homepage-1/service/service-img-03.jpg]
[agrimo-demo.pbminfotech.com/html-demo/images/homepage-1/service/service-img-04.jpg]
[agrimo-demo.pbminfotech.com/html-demo/images/homepage-1/service/service-img-05.jpg]
[agrimo-demo.pbminfotech.com/html-demo/images/homepage-1/service/service-img-06.jpg]
[agrimo-demo.pbminfotech.com/html-demo/images/homepage-1/img-02.png]
[agrimo-demo.pbminfotech.com/html-demo/images/homepage-1/portfolio/portfolio-img-01.jpg]
[agrimo-demo.pbminfotech.com/html-demo/images/homepage-1/portfolio/portfolio-img-02.jpg]
[agrimo-demo.pbminfotech.com/html-demo/images/homepage-1/portfolio/portfolio-img-03.jpg]
[agrimo-demo.pbminfotech.com/html-demo/images/homepage-1/portfolio/portfolio-img-04.jpg]
[agrimo-demo.pbminfotech.com/html-demo/images/homepage-1/portfolio/portfolio-img-05.jpg]
[agrimo-demo.pbminfotech.com/html-demo/images/homepage-1/portfolio/portfolio-img-06.jpg]
[agrimo-demo.pbminfotech.com/html-demo/images/homepage-1/portfolio/portfolio-img-07.jpg]
[agrimo-demo.pbminfotech.com/html-demo/images/homepage-1/portfolio/portfolio-img-08.jpg]
[agrimo-demo.pbminfotech.com/html-demo/images/homepage-1/portfolio/portfolio-img-09.jpg]
[agrimo-demo.pbminfotech.com/html-demo/images/homepage-1/testimonial/testimonial-01.jpg]
[agrimo-demo.pbminfotech.com/html-demo/images/homepage-1/testimonial/testimonial-02.jpg]
[agrimo-demo.pbminfotech.com/html-demo/images/homepage-1/testimonial/testimonial-03.jpg]
[agrimo-demo.pbminfotech.com/html-demo/images/homepage-1/testimonial/testimonial-04.jpg]
[agrimo-demo.pbminfotech.com/html-demo/images/homepage-1/testimonial/testimonial-05.jpg]
[agrimo-demo.pbminfotech.com/html-demo/images/homepage-1/testimonial/testimonial-06.jpg]
[agrimo-demo.pbminfotech.com/html-demo/images/client/client-logo-green-01.png]
[agrimo-demo.pbminfotech.com/html-demo/images/client/client-logo-01.png]
[agrimo-demo.pbminfotech.com/html-demo/images/client/client-logo-green-02.png]
[agrimo-demo.pbminfotech.com/html-demo/images/client/client-logo-02.png]
[agrimo-demo.pbminfotech.com/html-demo/images/client/client-logo-green-03.png]
[agrimo-demo.pbminfotech.com/html-demo/images/client/client-logo-03.png]
[agrimo-demo.pbminfotech.com/html-demo/images/client/client-logo-green-04.png]
[agrimo-demo.pbminfotech.com/html-demo/images/client/client-logo-04.png]
[agrimo-demo.pbminfotech.com/html-demo/images/client/client-logo-green-05.png]
[agrimo-demo.pbminfotech.com/html-demo/images/client/client-logo-05.png]
[agrimo-demo.pbminfotech.com/html-demo/images/client/client-logo-green-06.png]
[agrimo-demo.pbminfotech.com/html-demo/images/client/client-logo-06.png]
[agrimo-demo.pbminfotech.com/html-demo/images/homepage-1/blog/blog-image-01.jpg]
[agrimo-demo.pbminfotech.com/html-demo/images/homepage-1/blog/blog-image-02.jpg]
[agrimo-demo.pbminfotech.com/html-demo/images/homepage-1/blog/blog-image-03.jpg]
[agrimo-demo.pbminfotech.com/html-demo/images/homepage-1/blog/blog-image-04.jpg]
[agrimo-demo.pbminfotech.com/html-demo/images/homepage-1/blog/blog-image-05.jpg]
[agrimo-demo.pbminfotech.com/html-demo/images/homepage-1/blog/blog-image-06.jpg]
[agrimo-demo.pbminfotech.com/html-demo/js/jquery.min.js]
[agrimo-demo.pbminfotech.com/html-demo/js/popper.min.js]
[agrimo-demo.pbminfotech.com/html-demo/js/bootstrap.min.js]
[agrimo-demo.pbminfotech.com/html-demo/js/jquery.waypoints.min.js]
[agrimo-demo.pbminfotech.com/html-demo/js/jquery.appear.js]
[agrimo-demo.pbminfotech.com/html-demo/js/numinate.min.js]
[agrimo-demo.pbminfotech.com/html-demo/js/swiper.min.js]
[agrimo-demo.pbminfotech.com/html-demo/js/jquery.magnific-popup.min.js]
[agrimo-demo.pbminfotech.com/html-demo/js/circle-progress.js]
[agrimo-demo.pbminfotech.com/html-demo/js/jquery.countdown.min.js]
[agrimo-demo.pbminfotech.com/html-demo/js/aos.js]
[agrimo-demo.pbminfotech.com/html-demo/js/gsap.js]
[agrimo-demo.pbminfotech.com/html-demo/js/ScrollTrigger.js]
[agrimo-demo.pbminfotech.com/html-demo/js/SplitText.js]
[agrimo-demo.pbminfotech.com/html-demo/js/magnetic.js]
[agrimo-demo.pbminfotech.com/html-demo/js/gsap-animation.js]
[agrimo-demo.pbminfotech.com/html-demo/index.html]
[agrimo-demo.pbminfotech.com/html-demo/css/bootstrap.min.css]
[agrimo-demo.pbminfotech.com/html-demo/js/scripts.js]
[agrimo-demo.pbminfotech.com/html-demo/fonts/fontawesome-webfont3e6e.eot]
[agrimo-demo.pbminfotech.com/html-demo/fonts/fontawesome-webfontd41d.eot]
[agrimo-demo.pbminfotech.com/html-demo/fonts/fontawesome-webfont3e6e.woff2]
[agrimo-demo.pbminfotech.com/html-demo/fonts/fontawesome-webfont3e6e.woff]
[agrimo-demo.pbminfotech.com/html-demo/fonts/fontawesome-webfont3e6e.ttf]
[agrimo-demo.pbminfotech.com/html-demo/css/fontawesome.css]
[agrimo-demo.pbminfotech.com/html-demo/fonts/flaticoncb80.woff2]
[agrimo-demo.pbminfotech.com/html-demo/fonts/flaticoncb80.woff]
[agrimo-demo.pbminfotech.com/html-demo/fonts/flaticoncb80.eot]
[agrimo-demo.pbminfotech.com/html-demo/fonts/flaticoncb80.ttf]
[agrimo-demo.pbminfotech.com/html-demo/css/flaticon.css]
[agrimo-demo.pbminfotech.com/html-demo/fonts/pbminfotech-base-icons13ec.eot]
[agrimo-demo.pbminfotech.com/html-demo/fonts/pbminfotech-base-icons13ec.woff2]
[agrimo-demo.pbminfotech.com/html-demo/fonts/pbminfotech-base-icons13ec.woff]
[agrimo-demo.pbminfotech.com/html-demo/fonts/pbminfotech-base-icons13ec.ttf]
[agrimo-demo.pbminfotech.com/html-demo/css/pbminfotech-base-icons.css]
[agrimo-demo.pbminfotech.com/html-demo/fonts/themify9f24.eot]
[agrimo-demo.pbminfotech.com/html-demo/fonts/themifyd41d.eot]
[agrimo-demo.pbminfotech.com/html-demo/fonts/themify9f24.woff]
[agrimo-demo.pbminfotech.com/html-demo/fonts/themify9f24.ttf]
[agrimo-demo.pbminfotech.com/html-demo/css/themify-icons.css]
[agrimo-demo.pbminfotech.com/html-demo/css/swiper.min.css]
[agrimo-demo.pbminfotech.com/html-demo/css/magnific-popup.css]
[agrimo-demo.pbminfotech.com/html-demo/css/aos.css]
[agrimo-demo.pbminfotech.com/html-demo/images/bg/footer-bg-img.png]
[agrimo-demo.pbminfotech.com/html-demo/images/bg/titlebar-bg-img.jpg]
[agrimo-demo.pbminfotech.com/html-demo/images/banner-slider-img/bg-pattern.png]
[agrimo-demo.pbminfotech.com/html-demo/images/banner-slider-img/slider3-img-01.jpg]
[agrimo-demo.pbminfotech.com/html-demo/css/shortcode.css]
[agrimo-demo.pbminfotech.com/html-demo/css/base.css]
[agrimo-demo.pbminfotech.com/html-demo/images/banner-slider-img/slider3-img-02.jpg]
[agrimo-demo.pbminfotech.com/html-demo/images/homepage-1/bg/img-01.jpg]
[agrimo-demo.pbminfotech.com/html-demo/images/homepage-1/bg/staticbox-bg-img.png]
[agrimo-demo.pbminfotech.com/html-demo/images/homepage-1/bg/img-03.jpg]
[agrimo-demo.pbminfotech.com/html-demo/images/homepage-1/bg/img-04.png]
[agrimo-demo.pbminfotech.com/html-demo/images/homepage-1/bg/icon-bg-img.png]
[agrimo-demo.pbminfotech.com/html-demo/images/homepage-2/bg/bg-pattern-01.png]
[agrimo-demo.pbminfotech.com/html-demo/images/homepage-2/bg/staticbox-bg-img.png]
[agrimo-demo.pbminfotech.com/html-demo/images/homepage-2/bg/contact-bg-img.png]
[agrimo-demo.pbminfotech.com/html-demo/images/homepage-3/about-shape.png]
[agrimo-demo.pbminfotech.com/html-demo/images/homepage-3/bg/bg-pattern-01.png]
[agrimo-demo.pbminfotech.com/html-demo/images/homepage-3/bg/bg-img-01.png]
[agrimo-demo.pbminfotech.com/html-demo/images/bg/ads-bg-img.jpg]
[agrimo-demo.pbminfotech.com/html-demo/images/team/team-detail-pattern.png]
[agrimo-demo.pbminfotech.com/html-demo/images/bg/contact-img.jpg]
[agrimo-demo.pbminfotech.com/html-demo/css/style.css]
[agrimo-demo.pbminfotech.com/html-demo/css/responsive.css]
[agrimo-demo.pbminfotech.com/html-demo/index-2.html]
[agrimo-demo.pbminfotech.com/html-demo/images/logo-white.svg]
[agrimo-demo.pbminfotech.com/html-demo/images/bg/img-01.png]
[agrimo-demo.pbminfotech.com/html-demo/images/banner-slider-img/slider2-img-01.jpg]
[agrimo-demo.pbminfotech.com/html-demo/images/banner-slider-img/slider2-shadow-01.png]
[agrimo-demo.pbminfotech.com/html-demo/images/banner-slider-img/slider2-img-02.jpg]
[agrimo-demo.pbminfotech.com/html-demo/images/banner-slider-img/slider2-img-03.jpg]
[agrimo-demo.pbminfotech.com/html-demo/images/homepage-2/icon-img.png]
[agrimo-demo.pbminfotech.com/html-demo/images/homepage-2/icon-img-01.png]
[agrimo-demo.pbminfotech.com/html-demo/images/homepage-2/sticky-img.jpg]
[agrimo-demo.pbminfotech.com/html-demo/images/homepage-2/sticky-inner-img.jpg]
[agrimo-demo.pbminfotech.com/html-demo/images/homepage-2/service/service-img-01.jpg]
[agrimo-demo.pbminfotech.com/html-demo/images/homepage-2/service/service-img-02.jpg]
[agrimo-demo.pbminfotech.com/html-demo/images/homepage-2/service/service-img-03.jpg]
[agrimo-demo.pbminfotech.com/html-demo/images/homepage-2/service/service-img-04.jpg]
[agrimo-demo.pbminfotech.com/html-demo/images/homepage-2/service/service-img-05.jpg]
[agrimo-demo.pbminfotech.com/html-demo/images/homepage-2/service/service-img-06.jpg]
[agrimo-demo.pbminfotech.com/html-demo/images/homepage-2/static-box/staticbox-img-01.jpg]
[agrimo-demo.pbminfotech.com/html-demo/images/homepage-2/static-box/staticbox-img-02.jpg]
[agrimo-demo.pbminfotech.com/html-demo/images/homepage-2/static-box/staticbox-img-03.jpg]
[agrimo-demo.pbminfotech.com/html-demo/images/homepage-2/static-box/staticbox-img-04.jpg]
[agrimo-demo.pbminfotech.com/html-demo/images/homepage-2/team/team-img-01.jpg]
[agrimo-demo.pbminfotech.com/html-demo/images/homepage-2/team/team-img-02.jpg]
[agrimo-demo.pbminfotech.com/html-demo/images/homepage-2/team/team-img-03.jpg]
[agrimo-demo.pbminfotech.com/html-demo/images/homepage-2/team/team-img-04.jpg]
[agrimo-demo.pbminfotech.com/html-demo/images/homepage-2/team/team-img-05.jpg]
[agrimo-demo.pbminfotech.com/html-demo/images/homepage-2/team/team-img-06.jpg]
[agrimo-demo.pbminfotech.com/html-demo/images/homepage-2/img-01.png]
[agrimo-demo.pbminfotech.com/html-demo/homepage-2.html]
[agrimo-demo.pbminfotech.com/html-demo/images/banner-slider-img/slider3-stamp.png]
[agrimo-demo.pbminfotech.com/html-demo/images/homepage-3/product/shop-img-01.png]
[agrimo-demo.pbminfotech.com/html-demo/images/homepage-3/product/shop-img-02.png]
[agrimo-demo.pbminfotech.com/html-demo/images/homepage-3/product/shop-img-03.png]
[agrimo-demo.pbminfotech.com/html-demo/images/homepage-3/product/shop-img-04.png]
[agrimo-demo.pbminfotech.com/html-demo/images/homepage-3/product/shop-img-05.png]
[agrimo-demo.pbminfotech.com/html-demo/images/homepage-3/product/shop-img-06.png]
[agrimo-demo.pbminfotech.com/html-demo/images/homepage-3/product/shop-img-07.png]
[agrimo-demo.pbminfotech.com/html-demo/images/homepage-3/product/shop-img-08.png]
[agrimo-demo.pbminfotech.com/html-demo/images/homepage-3/product/shop-img-09.png]
[agrimo-demo.pbminfotech.com/html-demo/images/homepage-3/about-img.jpg]
[agrimo-demo.pbminfotech.com/html-demo/images/homepage-3/product/shop-img-10.png]
[agrimo-demo.pbminfotech.com/html-demo/images/homepage-3/product/shop-img-11.png]
[agrimo-demo.pbminfotech.com/html-demo/images/homepage-3/testimonial/testimonial-01.jpg]
[agrimo-demo.pbminfotech.com/html-demo/images/homepage-3/testimonial/testimonial-02.jpg]
[agrimo-demo.pbminfotech.com/html-demo/images/homepage-3/testimonial/testimonial-03.jpg]
[agrimo-demo.pbminfotech.com/html-demo/images/homepage-3/testimonial/testimonial-04.jpg]
[agrimo-demo.pbminfotech.com/html-demo/images/homepage-3/testimonial/testimonial-05.jpg]
[agrimo-demo.pbminfotech.com/html-demo/images/homepage-3/testimonial/testimonial-06.jpg]
[agrimo-demo.pbminfotech.com/html-demo/images/homepage-3/img-01.png]
[agrimo-demo.pbminfotech.com/html-demo/images/homepage-3/blog/blog-image-01.jpg]
[agrimo-demo.pbminfotech.com/html-demo/images/homepage-3/blog/blog-image-02.jpg]
[agrimo-demo.pbminfotech.com/html-demo/images/homepage-3/blog/blog-image-03.jpg]
[agrimo-demo.pbminfotech.com/html-demo/images/homepage-3/blog/blog-image-04.jpg]
[agrimo-demo.pbminfotech.com/html-demo/images/homepage-3/blog/blog-image-05.jpg]
[agrimo-demo.pbminfotech.com/html-demo/images/homepage-3/blog/blog-image-06.jpg]
[agrimo-demo.pbminfotech.com/html-demo/images/homepage-3/blog/blog-image-07.jpg]
[agrimo-demo.pbminfotech.com/html-demo/images/homepage-3/blog/blog-image-08.jpg]
[agrimo-demo.pbminfotech.com/html-demo/images/homepage-3/blog/blog-image-09.jpg]
[agrimo-demo.pbminfotech.com/html-demo/homepage-3.html]
[agrimo-demo.pbminfotech.com/html-demo/about-us.html]
[agrimo-demo.pbminfotech.com/html-demo/our-history.html]
[agrimo-demo.pbminfotech.com/html-demo/images/team/team-01.jpg]
[agrimo-demo.pbminfotech.com/html-demo/images/team/team-02.jpg]
[agrimo-demo.pbminfotech.com/html-demo/images/team/team-03.jpg]
[agrimo-demo.pbminfotech.com/html-demo/images/team/team-04.jpg]
[agrimo-demo.pbminfotech.com/html-demo/images/team/team-05.jpg]
[agrimo-demo.pbminfotech.com/html-demo/images/team/team-06.jpg]
[agrimo-demo.pbminfotech.com/html-demo/images/team/team-07.jpg]
[agrimo-demo.pbminfotech.com/html-demo/our-team-member.html]
[agrimo-demo.pbminfotech.com/html-demo/images/team/team-08.jpg]
[agrimo-demo.pbminfotech.com/html-demo/team-member-detail.html]
[agrimo-demo.pbminfotech.com/html-demo/faq.html]
[agrimo-demo.pbminfotech.com/html-demo/images/team/team-single-01.jpg]
[agrimo-demo.pbminfotech.com/html-demo/images/services/service-01.jpg]
[agrimo-demo.pbminfotech.com/html-demo/images/services/service-02.jpg]
[agrimo-demo.pbminfotech.com/html-demo/images/services/service-03.jpg]
[agrimo-demo.pbminfotech.com/html-demo/images/services/service-04.jpg]
[agrimo-demo.pbminfotech.com/html-demo/images/services/service-05.jpg]
[agrimo-demo.pbminfotech.com/html-demo/images/services/service-06.jpg]
[agrimo-demo.pbminfotech.com/html-demo/images/services/service-07.jpg]
[agrimo-demo.pbminfotech.com/html-demo/images/services/service-08.jpg]
[agrimo-demo.pbminfotech.com/html-demo/images/services/service-09.jpg]
[agrimo-demo.pbminfotech.com/html-demo/js/circle-progress.min.js]
[agrimo-demo.pbminfotech.com/html-demo/js/masonry.min.js]
[agrimo-demo.pbminfotech.com/html-demo/services.html]
[agrimo-demo.pbminfotech.com/html-demo/service-details.html]
[agrimo-demo.pbminfotech.com/html-demo/images/services/service-single-01.jpg]
[agrimo-demo.pbminfotech.com/html-demo/images/portfolio/portfolio-01.jpg]
[agrimo-demo.pbminfotech.com/html-demo/images/portfolio/portfolio-02.jpg]
[agrimo-demo.pbminfotech.com/html-demo/images/portfolio/portfolio-03.jpg]
[agrimo-demo.pbminfotech.com/html-demo/images/portfolio/portfolio-04.jpg]
[agrimo-demo.pbminfotech.com/html-demo/images/portfolio/portfolio-05.jpg]
[agrimo-demo.pbminfotech.com/html-demo/images/portfolio/portfolio-06.jpg]
[agrimo-demo.pbminfotech.com/html-demo/images/portfolio/portfolio-07.jpg]
[agrimo-demo.pbminfotech.com/html-demo/portfolio-masonry-col-2.html]
[agrimo-demo.pbminfotech.com/html-demo/images/portfolio/portfolio-08.jpg]
[agrimo-demo.pbminfotech.com/html-demo/portfolio-detail.e4.delayed]
[agrimo-demo.pbminfotech.com/html-demo/portfolio-masonry-col-3.html]
[agrimo-demo.pbminfotech.com/html-demo/portfolio-masonry-col-4.html]
[agrimo-demo.pbminfotech.com/html-demo/images/portfolio/portfolio-09.jpg]
[agrimo-demo.pbminfotech.com/html-demo/images/portfolio/portfolio-01b.jpg]
[agrimo-demo.pbminfotech.com/html-demo/images/portfolio/portfolio-02b.jpg]
[agrimo-demo.pbminfotech.com/html-demo/images/portfolio/portfolio-03b.jpg]
[agrimo-demo.pbminfotech.com/html-demo/images/portfolio/portfolio-04b.jpg]
[agrimo-demo.pbminfotech.com/html-demo/images/portfolio/portfolio-05b.jpg]
[agrimo-demo.pbminfotech.com/html-demo/images/portfolio/portfolio-06b.jpg]
[agrimo-demo.pbminfotech.com/html-demo/images/portfolio/portfolio-07b.jpg]
[agrimo-demo.pbminfotech.com/html-demo/portfolio-grid-col-2.html]
[agrimo-demo.pbminfotech.com/html-demo/images/portfolio/portfolio-08b.jpg]
[agrimo-demo.pbminfotech.com/html-demo/images/portfolio/portfolio-09b.jpg]
[agrimo-demo.pbminfotech.com/html-demo/portfolio-grid-col-3.html]
[agrimo-demo.pbminfotech.com/html-demo/portfolio-grid-col-4.html]
[agrimo-demo.pbminfotech.com/html-demo/portfolio-sortable-grid-col-2.html]
[agrimo-demo.pbminfotech.com/html-demo/portfolio-sortable-grid-col-3.html]
[agrimo-demo.pbminfotech.com/html-demo/portfolio-sortable-grid-col-4.html]
[agrimo-demo.pbminfotech.com/html-demo/js/isotope.pkgd.min.js]
[agrimo-demo.pbminfotech.com/html-demo/images/portfolio/portfolio-single.jpg]
[agrimo-demo.pbminfotech.com/html-demo/images/portfolio/portfolio-single-01.jpg]
[agrimo-demo.pbminfotech.com/html-demo/portfolio-detail.html]
[agrimo-demo.pbminfotech.com/html-demo/images/portfolio/portfolio-single-02.jpg]
[agrimo-demo.pbminfotech.com/html-demo/images/blog/blog-01.jpg]
[agrimo-demo.pbminfotech.com/html-demo/images/blog/blog-02.jpg]
[agrimo-demo.pbminfotech.com/html-demo/images/blog/blog-03.jpg]
[agrimo-demo.pbminfotech.com/html-demo/images/blog/blog-04.jpg]
[agrimo-demo.pbminfotech.com/html-demo/images/blog/blog-05.jpg]
[agrimo-demo.pbminfotech.com/html-demo/images/blog/blog-06.jpg]
[agrimo-demo.pbminfotech.com/html-demo/images/blog/blog-07.jpg]
[agrimo-demo.pbminfotech.com/html-demo/images/blog/blog-08.jpg]
[agrimo-demo.pbminfotech.com/html-demo/blog-grid-col-3.html]
[agrimo-demo.pbminfotech.com/html-demo/blog-grid-col-4.html]
[agrimo-demo.pbminfotech.com/html-demo/blog-grid-wide.html]
[agrimo-demo.pbminfotech.com/html-demo/blog-sortable-col-3.html]
[agrimo-demo.pbminfotech.com/html-demo/blog-sortable-col-4.html]
[agrimo-demo.pbminfotech.com/html-demo/blog-sortable-wide.html]
[agrimo-demo.pbminfotech.com/html-demo/images/blog/blog-09.jpg]
[agrimo-demo.pbminfotech.com/html-demo/images/blog/blog-01b.jpg]
[agrimo-demo.pbminfotech.com/html-demo/blog-single-details.fd.delayed]
[agrimo-demo.pbminfotech.com/html-demo/images/blog/blog-02b.jpg]
[agrimo-demo.pbminfotech.com/html-demo/images/blog/blog-03b.jpg]
[agrimo-demo.pbminfotech.com/html-demo/images/blog/blog-04b.jpg]
[agrimo-demo.pbminfotech.com/html-demo/images/blog/blog-05b.jpg]
[agrimo-demo.pbminfotech.com/html-demo/images/blog/blog-06b.jpg]
[agrimo-demo.pbminfotech.com/html-demo/images/blog/blog-07b.jpg]
[agrimo-demo.pbminfotech.com/html-demo/images/blog/blog-08b.jpg]
[agrimo-demo.pbminfotech.com/html-demo/images/blog/blog-09b.jpg]
[agrimo-demo.pbminfotech.com/html-demo/images/recent-post/blog-01.jpg]
[agrimo-demo.pbminfotech.com/html-demo/images/recent-post/blog-02.jpg]
[agrimo-demo.pbminfotech.com/html-demo/blog-classic.html]
[agrimo-demo.pbminfotech.com/html-demo/images/recent-post/blog-03.jpg]
[agrimo-demo.pbminfotech.com/html-demo/images/blog/blog-single-01.jpg]
[agrimo-demo.pbminfotech.com/html-demo/images/blog/blog-single-02.jpg]
[agrimo-demo.pbminfotech.com/html-demo/images/author.png]
[agrimo-demo.pbminfotech.com/html-demo/images/avatar/img-01.jpg]
[agrimo-demo.pbminfotech.com/html-demo/blog-details.html]
[agrimo-demo.pbminfotech.com/html-demo/images/avatar/img-02.jpg]
[agrimo-demo.pbminfotech.com/html-demo/contact-us.html]
[agrimo-demo.pbminfotech.com/html-demo/images/logo.svg]
[agrimo-demo.pbminfotech.com/html-demo/fonts/fontawesome-webfont3e6e.svg]
[agrimo-demo.pbminfotech.com/html-demo/fonts/flaticoncb80.svg]
[agrimo-demo.pbminfotech.com/html-demo/fonts/pbminfotech-base-icons13ec.svg]
[agrimo-demo.pbminfotech.com/html-demo/fonts/themify9f24.svg]
[agrimo-demo.pbminfotech.com/html-demo/portfolio-detail-2.html]
[agrimo-demo.pbminfotech.com/html-demo/blog-single-details.html]
[agrimo-demo.pbminfotech.com/html-demo/js/jquery-validate/jquery.validate.min.js]
